c:\users\samyc\documents\visual studio 2022\practicas\practica\practica\debug\vc143.pdb
c:\users\samyc\documents\visual studio 2022\practicas\practica\practica\debug\vc143.idb
c:\users\samyc\documents\visual studio 2022\practicas\practica\practica\debug\window.obj
c:\users\samyc\documents\visual studio 2022\practicas\practica\practica\debug\texture.obj
c:\users\samyc\documents\visual studio 2022\practicas\practica\practica\debug\spotlight.obj
c:\users\samyc\documents\visual studio 2022\practicas\practica\practica\debug\sphere.obj
c:\users\samyc\documents\visual studio 2022\practicas\practica\practica\debug\skybox.obj
c:\users\samyc\documents\visual studio 2022\practicas\practica\practica\debug\shader_light.obj
c:\users\samyc\documents\visual studio 2022\practicas\practica\practica\debug\pointlight.obj
c:\users\samyc\documents\visual studio 2022\practicas\practica\practica\debug\model.obj
c:\users\samyc\documents\visual studio 2022\practicas\practica\practica\debug\mesh_tn.obj
c:\users\samyc\documents\visual studio 2022\practicas\practica\practica\debug\material.obj
c:\users\samyc\documents\visual studio 2022\practicas\practica\practica\debug\light.obj
c:\users\samyc\documents\visual studio 2022\practicas\practica\practica\debug\directionallight.obj
c:\users\samyc\documents\visual studio 2022\practicas\practica\practica\debug\camera.obj
c:\users\samyc\documents\visual studio 2022\practicas\practica\practica\debug\practica9avanzada.obj
c:\users\samyc\documents\visual studio 2022\practicas\practica\debug\practica.exe
c:\users\samyc\documents\visual studio 2022\practicas\practica\debug\practica.pdb
c:\users\samyc\documents\visual studio 2022\practicas\practica\practica\debug\practica.ilk
c:\users\samyc\documents\visual studio 2022\practicas\practica\practica\debug\practica.tlog\cl.command.1.tlog
c:\users\samyc\documents\visual studio 2022\practicas\practica\practica\debug\practica.tlog\cl.items.tlog
c:\users\samyc\documents\visual studio 2022\practicas\practica\practica\debug\practica.tlog\cl.read.1.tlog
c:\users\samyc\documents\visual studio 2022\practicas\practica\practica\debug\practica.tlog\cl.write.1.tlog
c:\users\samyc\documents\visual studio 2022\practicas\practica\practica\debug\practica.tlog\link.command.1.tlog
c:\users\samyc\documents\visual studio 2022\practicas\practica\practica\debug\practica.tlog\link.read.1.tlog
c:\users\samyc\documents\visual studio 2022\practicas\practica\practica\debug\practica.tlog\link.secondary.1.tlog
c:\users\samyc\documents\visual studio 2022\practicas\practica\practica\debug\practica.tlog\link.write.1.tlog
