  practica3.cpp
C:\Users\Servicio\Documents\Visual Studio 2022\practica3\practica3\Window.h(12,36): warning C4244: 'return': conversión de 'GLint' a 'GLfloat'; posible pérdida de datos
  (compilando archivo de origen "practica3.cpp")
  
C:\Users\Servicio\Documents\Visual Studio 2022\practica3\practica3\Window.h(13,37): warning C4244: 'return': conversión de 'GLint' a 'GLfloat'; posible pérdida de datos
  (compilando archivo de origen "practica3.cpp")
  
C:\Users\Servicio\Documents\Visual Studio 2022\practica3\practica3\practica3.cpp(42,37): warning C4305: 'inicializando': truncamiento de 'double' a 'float'
C:\Users\Servicio\Documents\Visual Studio 2022\practica3\practica3\practica3.cpp(209,16): warning C4018: '<': no coinciden signed/unsigned
C:\Users\Servicio\Documents\Visual Studio 2022\practica3\practica3\practica3.cpp(251,32): warning C4244: 'argumento': conversión de 'double' a '_Ty'; posible pérdida de datos
C:\Users\Servicio\Documents\Visual Studio 2022\practica3\practica3\practica3.cpp(251,32): warning C4244:         with
C:\Users\Servicio\Documents\Visual Studio 2022\practica3\practica3\practica3.cpp(251,32): warning C4244:         [
C:\Users\Servicio\Documents\Visual Studio 2022\practica3\practica3\practica3.cpp(251,32): warning C4244:             _Ty=GLfloat
C:\Users\Servicio\Documents\Visual Studio 2022\practica3\practica3\practica3.cpp(251,32): warning C4244:         ]
C:\Users\Servicio\Documents\Visual Studio 2022\practica3\practica3\practica3.cpp(253,32): warning C4244: 'argumento': conversión de 'double' a '_Ty'; posible pérdida de datos
C:\Users\Servicio\Documents\Visual Studio 2022\practica3\practica3\practica3.cpp(253,32): warning C4244:         with
C:\Users\Servicio\Documents\Visual Studio 2022\practica3\practica3\practica3.cpp(253,32): warning C4244:         [
C:\Users\Servicio\Documents\Visual Studio 2022\practica3\practica3\practica3.cpp(253,32): warning C4244:             _Ty=GLfloat
C:\Users\Servicio\Documents\Visual Studio 2022\practica3\practica3\practica3.cpp(253,32): warning C4244:         ]
C:\Users\Servicio\Documents\Visual Studio 2022\practica3\practica3\practica3.cpp(349,15): warning C4244: 'inicializando': conversión de 'double' a 'GLfloat'; posible pérdida de datos
C:\Users\Servicio\Documents\Visual Studio 2022\practica3\practica3\practica3.cpp(351,33): warning C4244: '+=': conversión de 'double' a 'GLfloat'; posible pérdida de datos
  practica3.vcxproj -> C:\Users\Servicio\Documents\Visual Studio 2022\practica3\Debug\practica3.exe
